// Jest Snapshot v1, https://goo.gl/fbAQLP

exports[`Examining the User dashboard component renders without crashing 1`] = `ReactWrapper {}`;
